Third-party licenses and acknowldgements

==========================
ZSV/lib
==========================
See https://github.com/liquidaty/zsv/blob/main/misc/THIRDPARTY.md
Third-party licenses and acknowldgements

==========================
ZSV/lib
==========================
See https://github.com/liquidaty/zsv/blob/main/misc/THIRDPARTY.md

==========================
Extension: my
==========================
If we used any third-party software, we would list each license here
